
Error: Worker 1 abruptly died with code 3221225786 and signal null
    at EventEmitter.cluster.on (c:\Users\Puffmonk\Desktop\clover-showdown\clodown\sockets.js:76:33)
    at emitThree (events.js:136:13)
    at EventEmitter.emit (events.js:217:7)
    at ChildProcess.worker.process.once (internal/cluster/master.js:189:13)
    at Object.onceWrapper (events.js:317:30)
    at emitTwo (events.js:126:13)
    at ChildProcess.emit (events.js:214:7)
    at Process.ChildProcess._handle.onexit (internal/child_process.js:198:12)
